[themesflat.com/html/canava/index04b9.html]
[backblue.gif]
[fade.gif]
[index.html]
[themesflat.com/html/canava/stylesheets/bootstrap.css]
[themesflat.com/html/canava/stylesheets/style.css]
[themesflat.com/html/canava/stylesheets/responsive.css]
[themesflat.com/html/canava/stylesheets/animate.css]
[themesflat.com/html/canava/icon/apple-touch-icon-48-precomposed.png]
[themesflat.com/html/canava/icon/apple-touch-icon-32-precomposed.png]
[themesflat.com/html/canava/icon/favicon.png]
[themesflat.com/html/canava/index.html]
[themesflat.com/html/canava/images/logo.png]
[themesflat.com/html/canava/images/products/1.jpg]
[themesflat.com/html/canava/images/products/2.jpg]
[themesflat.com/html/canava/home-header-classic.html]
[themesflat.com/html/canava/home-header-transparent.html]
[themesflat.com/html/canava/home-header-widget.html]
[themesflat.com/html/canava/mega-menu.html]
[themesflat.com/html/canava/one-page.html]
[themesflat.com/html/canava/about.html]
[themesflat.com/html/canava/company-history.html]
[themesflat.com/html/canava/our-people.html]
[themesflat.com/html/canava/partners.html]
[themesflat.com/html/canava/careers.html]
[themesflat.com/html/canava/faq.html]
[themesflat.com/html/canava/testimonials.html]
[themesflat.com/html/canava/services.html]
[themesflat.com/html/canava/services-detail.html]
[themesflat.com/html/canava/services-detail-v2.html]
[themesflat.com/html/canava/services-detail-v3.html]
[themesflat.com/html/canava/services-detail-v4.html]
[themesflat.com/html/canava/services-detail-v5.html]
[themesflat.com/html/canava/services-detail-v6.html]
[themesflat.com/html/canava/portfolio.html]
[themesflat.com/html/canava/portfolio-v1.html]
[themesflat.com/html/canava/portfolio-grid.html]
[themesflat.com/html/canava/portfolio-masonry.html]
[themesflat.com/html/canava/blog.html]
[themesflat.com/html/canava/blog-grid.html]
[themesflat.com/html/canava/track-an-order.html]
[themesflat.com/html/canava/quote.html]
[themesflat.com/html/canava/shortcode.html]
[themesflat.com/html/canava/typography.html]
[themesflat.com/html/canava/404.html]
[themesflat.com/html/canava/search.html]
[themesflat.com/html/canava/shop.html]
[themesflat.com/html/canava/contact.html]
[themesflat.com/html/canava/images/slides/1.jpg]
[themesflat.com/html/canava/images/slides/2.jpg]
[themesflat.com/html/canava/images/slides/3.jpg]
[themesflat.com/html/canava/images/imagebox/1.jpg]
[themesflat.com/html/canava/images/imagebox/2.jpg]
[themesflat.com/html/canava/services-detail-v1.html]
[themesflat.com/html/canava/images/imagebox/3.jpg]
[themesflat.com/html/canava/blog-single.html]
[themesflat.com/html/canava/images/blog/b1.jpg]
[themesflat.com/html/canava/images/blog/b2.jpg]
[themesflat.com/html/canava/images/blog/b3.jpg]
[themesflat.com/html/canava/images/testimonials/star.png]
[themesflat.com/html/canava/images/client/c1.png]
[themesflat.com/html/canava/images/client/c2.png]
[themesflat.com/html/canava/images/client/c3.png]
[themesflat.com/html/canava/images/client/c4.png]
[themesflat.com/html/canava/images/client/c5.png]
[themesflat.com/html/canava/images/client/c6.png]
[themesflat.com/cdn-cgi/scripts/5c5dd728/cloudflare-static/email-decode.min.js]
[themesflat.com/html/canava/javascript/jquery.min.js]
[themesflat.com/html/canava/javascript/bootstrap.min.js]
[themesflat.com/html/canava/javascript/jquery.easing.js]
[themesflat.com/html/canava/javascript/owl.carousel.js]
[themesflat.com/html/canava/javascript/jquery-waypoints.js]
[themesflat.com/html/canava/javascript/jquery-countTo.js]
[themesflat.com/html/canava/javascript/jquery.cookie.js]
[themesflat.com/html/canava/javascript/gmap3.min.js]
[themesflat.com/html/canava/javascript/jquery-validate.js]
[themesflat.com/html/canava/javascript/switcher.js]
[themesflat.com/html/canava/javascript/parallax.js]
[themesflat.com/html/canava/javascript/main.js]
[themesflat.com/html/canava/javascript/jquery.themepunch.tools.min.js]
[themesflat.com/html/canava/javascript/jquery.themepunch.revolution.min.js]
[themesflat.com/html/canava/javascript/slider.js]
[themesflat.com/html/canava/index04b9.html]
[themesflat.com/html/canava/fonts/glyphicons-halflings-regular.eot]
[themesflat.com/html/canava/fonts/glyphicons-halflings-regulard41d.eot]
[themesflat.com/html/canava/fonts/glyphicons-halflings-regular.woff2]
[themesflat.com/html/canava/fonts/glyphicons-halflings-regular.woff]
[themesflat.com/html/canava/fonts/glyphicons-halflings-regular.ttf]
[themesflat.com/html/canava/fonts/glyphicons-halflings-regular.svg]
[themesflat.com/html/canava/stylesheets/bootstrap.css]
[themesflat.com/html/canava/stylesheets/font-awesome.css]
[themesflat.com/html/canava/stylesheets/flexslider.css]
[themesflat.com/html/canava/stylesheets/owl.carousel.css]
[themesflat.com/html/canava/stylesheets/shortcodes.css]
[themesflat.com/html/canava/stylesheets/simple-line-icons.css]
[themesflat.com/html/canava/stylesheets/revolution-slider.css]
[themesflat.com/html/canava/stylesheets/magnific-popup.css]
[themesflat.com/html/canava/images/icon/caret.png]
[themesflat.com/html/canava/images/icon/arrow.png]
[themesflat.com/html/canava/images/icon/bg-heading.svg]
[themesflat.com/html/canava/images/parallax/bg-parallax1.png]
[themesflat.com/html/canava/images/parallax/bg-parallax2.jpg]
[themesflat.com/html/canava/images/parallax/bg-parallax3.jpg]
[themesflat.com/html/canava/images/parallax/bg-parallax4.jpg]
[themesflat.com/html/canava/images/icon/preloader.gif]
[themesflat.com/html/canava/stylesheets/style.css]
[themesflat.com/html/canava/images/icon/sub@2x.png]
[themesflat.com/html/canava/images/icon/add@2x.png]
[themesflat.com/html/canava/images/icon/search-icon@2x.png]
[themesflat.com/html/canava/stylesheets/responsive.css]
[themesflat.com/html/canava/stylesheets/colors/color1.css]
[themesflat.com/html/canava/stylesheets/animate.css]
[themesflat.com/html/canava/index.html]
[themesflat.com/html/canava/home-header-classic.html]
[themesflat.com/html/canava/home-header-transparent.html]
[themesflat.com/html/canava/home-header-widget.html]
[themesflat.com/html/canava/images/blog/b7.jpg]
[themesflat.com/html/canava/images/blog/b8.jpg]
[themesflat.com/html/canava/mega-menu.html]
[themesflat.com/html/canava/one-page.html]
[themesflat.com/html/canava/index-v2.html]
[themesflat.com/html/canava/images/about/1.jpg]
[themesflat.com/html/canava/images/about/2.jpg]
[themesflat.com/html/canava/images/about/3.jpg]
[themesflat.com/html/canava/images/img-single/1.jpg]
[themesflat.com/html/canava/images/img-single/2.jpg]
[themesflat.com/html/canava/javascript/jquery.flexslider-min.js]
[themesflat.com/html/canava/about.html]
[themesflat.com/html/canava/javascript/jquery.magnific-popup.min.js]
[themesflat.com/html/canava/images/img-single/ch.jpg]
[themesflat.com/html/canava/company-history.html]
[themesflat.com/html/canava/images/member/1.jpg]
[themesflat.com/html/canava/images/member/2.jpg]
[themesflat.com/html/canava/images/member/3.jpg]
[themesflat.com/html/canava/images/member/4.jpg]
[themesflat.com/html/canava/images/member/5.jpg]
[themesflat.com/html/canava/images/member/6.jpg]
[themesflat.com/html/canava/our-people.html]
[themesflat.com/html/canava/images/client/1.png]
[themesflat.com/html/canava/images/client/2.png]
[themesflat.com/html/canava/images/client/3.png]
[themesflat.com/html/canava/images/client/4.png]
[themesflat.com/html/canava/images/client/5.png]
[themesflat.com/html/canava/images/client/6.png]
[themesflat.com/html/canava/partners.html]
[themesflat.com/html/canava/careers.html]
[themesflat.com/html/canava/images/img-single/faq-1.jpg]
[themesflat.com/html/canava/faq.html]
[themesflat.com/html/canava/images/img-single/clients2.jpg]
[themesflat.com/html/canava/testimonials.html]
[themesflat.com/html/canava/images/services/1.jpg]
[themesflat.com/html/canava/images/services/3.jpg]
[themesflat.com/html/canava/images/services/5.jpg]
[themesflat.com/html/canava/images/services/2.jpg]
[themesflat.com/html/canava/images/services/4.jpg]
[themesflat.com/html/canava/images/services/6.jpg]
[themesflat.com/html/canava/services.html]
[themesflat.com/html/canava/images/services/s1.jpg]
[themesflat.com/html/canava/images/services/s2.jpg]
[themesflat.com/html/canava/services-detail.html]
[themesflat.com/html/canava/images/services/s7.jpg]
[themesflat.com/html/canava/images/services/s8.jpg]
[themesflat.com/html/canava/images/services/s9.jpg]
[themesflat.com/html/canava/services-detail-v2.html]
[themesflat.com/html/canava/images/services/s6.jpg]
[themesflat.com/html/canava/images/services/s5.jpg]
[themesflat.com/html/canava/images/services/s3.jpg]
[themesflat.com/html/canava/images/services/s4.jpg]
[themesflat.com/html/canava/services-detail-v3.html]
[themesflat.com/html/canava/images/services/s10.jpg]
[themesflat.com/html/canava/images/services/s11.jpg]
[themesflat.com/html/canava/services-detail-v4.html]
[themesflat.com/html/canava/images/services/s12.jpg]
[themesflat.com/html/canava/images/services/s13.jpg]
[themesflat.com/html/canava/services-detail-v5.html]
[themesflat.com/html/canava/images/services/s14.jpg]
[themesflat.com/html/canava/images/services/s15.jpg]
[themesflat.com/html/canava/services-detail-v6.html]
[themesflat.com/html/canava/portfolio-single.html]
[themesflat.com/html/canava/images/portfolio/1.1.jpg]
[themesflat.com/html/canava/images/portfolio/1.2.jpg]
[themesflat.com/html/canava/images/portfolio/1.3.jpg]
[themesflat.com/html/canava/images/portfolio/1.4.jpg]
[themesflat.com/html/canava/images/portfolio/1.5.jpg]
[themesflat.com/html/canava/images/portfolio/1.6.jpg]
[themesflat.com/html/canava/images/portfolio/1.7.jpg]
[themesflat.com/html/canava/images/portfolio/1.8.jpg]
[themesflat.com/html/canava/images/portfolio/1.9.jpg]
[themesflat.com/html/canava/javascript/imagesloaded.min.js]
[themesflat.com/html/canava/portfolio.html]
[themesflat.com/html/canava/javascript/jquery.isotope.min.js]
[themesflat.com/html/canava/images/portfolio/p1.jpg]
[themesflat.com/html/canava/images/portfolio/p2.jpg]
[themesflat.com/html/canava/images/portfolio/p3.jpg]
[themesflat.com/html/canava/images/portfolio/p4.jpg]
[themesflat.com/html/canava/images/portfolio/p5.jpg]
[themesflat.com/html/canava/images/portfolio/p6.jpg]
[themesflat.com/html/canava/images/portfolio/p7.jpg]
[themesflat.com/html/canava/images/portfolio/p8.jpg]
[themesflat.com/html/canava/images/portfolio/p9.jpg]
[themesflat.com/html/canava/portfolio-v1.html]
[themesflat.com/html/canava/images/portfolio/1.jpg]
[themesflat.com/html/canava/images/portfolio/2.jpg]
[themesflat.com/html/canava/images/portfolio/3.jpg]
[themesflat.com/html/canava/images/portfolio/4.jpg]
[themesflat.com/html/canava/images/portfolio/5.jpg]
[themesflat.com/html/canava/images/portfolio/6.jpg]
[themesflat.com/html/canava/images/portfolio/7.jpg]
[themesflat.com/html/canava/images/portfolio/8.jpg]
[themesflat.com/html/canava/images/portfolio/9.jpg]
[themesflat.com/html/canava/portfolio-grid.html]
[themesflat.com/html/canava/images/portfolio/pv1.jpg]
[themesflat.com/html/canava/images/portfolio/pv2.jpg]
[themesflat.com/html/canava/images/portfolio/pv3.jpg]
[themesflat.com/html/canava/images/portfolio/pv4.jpg]
[themesflat.com/html/canava/images/portfolio/pv5.jpg]
[themesflat.com/html/canava/images/portfolio/pv6.jpg]
[themesflat.com/html/canava/images/portfolio/pv9.jpg]
[themesflat.com/html/canava/images/portfolio/pv8.jpg]
[themesflat.com/html/canava/images/portfolio/pv7.jpg]
[themesflat.com/html/canava/portfolio-masonry.html]
[themesflat.com/html/canava/images/blog/1.jpg]
[themesflat.com/html/canava/images/blog/2.jpg]
[themesflat.com/html/canava/images/blog/3.jpg]
[themesflat.com/html/canava/images/blog/4.jpg]
[themesflat.com/html/canava/images/blog/5.jpg]
[themesflat.com/html/canava/blog.html]
[themesflat.com/html/canava/images/blog/b4.jpg]
[themesflat.com/html/canava/images/blog/b5.jpg]
[themesflat.com/html/canava/images/blog/b6.jpg]
[themesflat.com/html/canava/blog-grid.html]
[themesflat.com/html/canava/track-an-order.html]
[themesflat.com/html/canava/quote.html]
[themesflat.com/html/canava/shortcode.html]
[themesflat.com/html/canava/typography.html]
[themesflat.com/html/canava/images/404.png]
[themesflat.com/html/canava/404.html]
[themesflat.com/html/canava/search.html]
[themesflat.com/html/canava/shop-detail.html]
[themesflat.com/html/canava/images/products/3.jpg]
[themesflat.com/html/canava/images/products/4.jpg]
[themesflat.com/html/canava/images/products/5.jpg]
[themesflat.com/html/canava/images/products/6.jpg]
[themesflat.com/html/canava/images/products/7.jpg]
[themesflat.com/html/canava/images/products/8.jpg]
[themesflat.com/html/canava/images/products/f1.jpg]
[themesflat.com/html/canava/images/products/f2.jpg]
[themesflat.com/html/canava/images/products/f3.jpg]
[themesflat.com/html/canava/shop.html]
[themesflat.com/html/canava/contact.html]
[themesflat.com/html/canava/services-detail-v1.html]
[themesflat.com/html/canava/blog-single.html]
[themesflat.com/html/canava/fonts/glyphicons-halflings-regular.html]
[themesflat.com/html/canava/fonts/glyphicons-halflings-regulard41d.html]
[themesflat.com/html/canava/fonts/glyphicons-halflings-regular-2.html]
[themesflat.com/html/canava/fonts/glyphicons-halflings-regular-3.html]
[themesflat.com/html/canava/fonts/glyphicons-halflings-regular-4.html]
[themesflat.com/html/canava/fonts/glyphicons-halflings-regular-5.html]
[themesflat.com/html/canava/javascript/jquery-ui.js]
[themesflat.com/html/canava/fonts/fontawesome-webfont5b62.eot]
[themesflat.com/html/canava/fonts/fontawesome-webfontd41d.eot]
[themesflat.com/html/canava/fonts/fontawesome-webfont5b62.woff]
[themesflat.com/html/canava/fonts/fontawesome-webfont5b62.ttf]
[themesflat.com/html/canava/stylesheets/font-awesome.css]
[themesflat.com/html/canava/fonts/fontawesome-webfont5b62.svg]
[themesflat.com/html/canava/stylesheets/fonts/flexslider-icon.eot]
[themesflat.com/html/canava/stylesheets/fonts/flexslider-icond41d.eot]
[themesflat.com/html/canava/stylesheets/fonts/flexslider-icon.woff]
[themesflat.com/html/canava/stylesheets/fonts/flexslider-icon.ttf]
[themesflat.com/html/canava/stylesheets/fonts/flexslider-icon.svg]
[themesflat.com/html/canava/stylesheets/flexslider.css]
[themesflat.com/html/canava/stylesheets/owl.video.play.png]
[themesflat.com/html/canava/stylesheets/owl.carousel.css]
[themesflat.com/html/canava/stylesheets/shortcodes.css]
[themesflat.com/html/canava/images/icon/pattern.svg]
[themesflat.com/html/canava/fonts/Simple-Line-Icons06c8.eot]
[themesflat.com/html/canava/fonts/Simple-Line-Icons06c8.ttf]
[themesflat.com/html/canava/fonts/Simple-Line-Icons06c8.woff]
[themesflat.com/html/canava/stylesheets/simple-line-icons.css]
[themesflat.com/html/canava/fonts/Simple-Line-Icons06c8.svg]
[themesflat.com/html/img/revolution-slider/gradient/g30.png]
[themesflat.com/html/img/revolution-slider/gradient/g40.png]
[themesflat.com/html/assets/revolution-slider/shadow1.png]
[themesflat.com/html/assets/revolution-slider/shadow2.png]
[themesflat.com/html/assets/revolution-slider/shadow3.png]
[themesflat.com/html/assets/revolution-slider/gridtile.png]
[themesflat.com/html/assets/revolution-slider/gridtile_white.png]
[themesflat.com/html/assets/revolution-slider/gridtile_3x3.png]
[themesflat.com/html/assets/revolution-slider/gridtile_3x3_white.png]
[themesflat.com/html/assets/revolution-slider/boxed_bgtile.png]
[themesflat.com/html/assets/revolution-slider/navigdots_bgtile.png]
[themesflat.com/html/assets/revolution-slider/bullet.png]
[themesflat.com/html/assets/revolution-slider/bullets.png]
[themesflat.com/html/assets/revolution-slider/bullets2.png]
[themesflat.com/html/assets/revolution-slider/bullet_boxed.png]
[themesflat.com/html/assets/revolution-slider/navigdots.png]
[themesflat.com/html/assets/revolution-slider/small_left.png]
[themesflat.com/html/assets/revolution-slider/small_right.png]
[themesflat.com/html/assets/revolution-slider/arrow_left.png]
[themesflat.com/html/assets/revolution-slider/arrow_right.png]
[themesflat.com/html/assets/revolution-slider/small_left_boxed.png]
[themesflat.com/html/assets/revolution-slider/small_right_boxed.png]
[themesflat.com/html/assets/revolution-slider/arrowleft.png]
[themesflat.com/html/assets/revolution-slider/arrowright.png]
[themesflat.com/html/canava/images/slides/timer.png]
[themesflat.com/html/assets/revolution-slider/coloredbg.png]
[themesflat.com/html/assets/revolution-slider/loader.gif]
[themesflat.com/html/canava/font/revicons90c690c6.eot]
[themesflat.com/html/canava/font/revicons90c690c6.woff]
[themesflat.com/html/canava/font/revicons90c690c6.ttf]
[themesflat.com/html/canava/font/revicons90c690c6.svg]
[themesflat.com/html/canava/stylesheets/revolution-slider.css]
[themesflat.com/html/canava/stylesheets/magnific-popup.css]
[themesflat.com/html/canava/images/icon/bg-heading.svg]
[themesflat.com/html/canava/images/icon/sub@2x.html]
[themesflat.com/html/canava/images/icon/add@2x.html]
[themesflat.com/html/canava/images/icon/search-icon@2x.html]
[themesflat.com/html/canava/index-v2.html]
[themesflat.com/html/canava/portfolio-single.html]
[themesflat.com/html/canava/images/products/9.jpg]
[themesflat.com/html/canava/shop-detail.html]
[themesflat.com/html/canava/fonts/fontawesome-webfont5b62.html]
[themesflat.com/html/canava/fonts/fontawesome-webfont5b62.svg]
[themesflat.com/html/canava/stylesheets/fonts/flexslider-icon.html]
[themesflat.com/html/canava/stylesheets/fonts/flexslider-icond41d.html]
[themesflat.com/html/canava/stylesheets/fonts/flexslider-icon-2.html]
[themesflat.com/html/canava/stylesheets/fonts/flexslider-icon-3.html]
[themesflat.com/html/canava/stylesheets/fonts/flexslider-icon-4.html]
[themesflat.com/html/canava/stylesheets/owl.video.play.html]
[themesflat.com/html/canava/images/icon/pattern.svg]
[themesflat.com/html/canava/fonts/Simple-Line-Icons06c8.html]
[themesflat.com/html/canava/fonts/Simple-Line-Icons06c8.svg]
[themesflat.com/html/img/revolution-slider/gradient/g30.html]
[themesflat.com/html/img/revolution-slider/gradient/g40.html]
[themesflat.com/html/assets/revolution-slider/shadow1.html]
[themesflat.com/html/assets/revolution-slider/shadow2.html]
[themesflat.com/html/assets/revolution-slider/shadow3.html]
[themesflat.com/html/assets/revolution-slider/gridtile.html]
[themesflat.com/html/assets/revolution-slider/gridtile_white.html]
[themesflat.com/html/assets/revolution-slider/gridtile_3x3.html]
[themesflat.com/html/assets/revolution-slider/gridtile_3x3_white.html]
[themesflat.com/html/assets/revolution-slider/boxed_bgtile.html]
[themesflat.com/html/assets/revolution-slider/navigdots_bgtile.html]
[themesflat.com/html/assets/revolution-slider/bullet.html]
[themesflat.com/html/assets/revolution-slider/bullets.html]
[themesflat.com/html/assets/revolution-slider/bullets2.html]
[themesflat.com/html/assets/revolution-slider/bullet_boxed.html]
[themesflat.com/html/assets/revolution-slider/navigdots.html]
[themesflat.com/html/assets/revolution-slider/small_left.html]
[themesflat.com/html/assets/revolution-slider/small_right.html]
[themesflat.com/html/assets/revolution-slider/arrow_left.html]
[themesflat.com/html/assets/revolution-slider/arrow_right.html]
[themesflat.com/html/assets/revolution-slider/small_left_boxed.html]
[themesflat.com/html/assets/revolution-slider/small_right_boxed.html]
[themesflat.com/html/assets/revolution-slider/arrowleft.html]
[themesflat.com/html/assets/revolution-slider/arrowright.html]
[themesflat.com/html/assets/revolution-slider/coloredbg.html]
[themesflat.com/html/assets/revolution-slider/loader.html]
[themesflat.com/html/canava/font/revicons90c690c6.html]
[themesflat.com/html/canava/font/revicons90c690c6-2.html]
[themesflat.com/html/canava/font/revicons90c690c6-3.html]
[themesflat.com/html/canava/font/revicons90c690c6-4.html]
