[themexriver.com/wp/gxbar/home-1/index.html]
[backblue.gif]
[fade.gif]
[index.html]
[themexriver.com/wp/gxbar/wp-includes/css/dist/block-library/style.min3781.css]
[themexriver.com/wp/gxbar/wp-includes/css/classic-themes.min3781.css]
[themexriver.com/wp/gxbar/wp-content/plugins/contact-form-7/includes/css/stylescfaa.css]
[themexriver.com/wp/gxbar/wp-content/themes/gxber/assets/css/animate3781.css]
[themexriver.com/wp/gxbar/wp-content/themes/gxber/assets/css/bootstrap3781.css]
[themexriver.com/wp/gxbar/wp-content/themes/gxber/assets/css/custom-animate3781.css]
[themexriver.com/wp/gxbar/wp-content/plugins/elementor/assets/lib/font-awesome/css/font-awesome.min1849.css]
[themexriver.com/wp/gxbar/wp-content/themes/gxber/assets/css/footer3781.css]
[themexriver.com/wp/gxbar/wp-content/themes/gxber/assets/css/global3781.css]
[themexriver.com/wp/gxbar/wp-content/themes/gxber/assets/css/header3781.css]
[themexriver.com/wp/gxbar/wp-content/themes/gxber/assets/css/hover3781.css]
[themexriver.com/wp/gxbar/wp-content/themes/gxber/assets/css/jquery.mCustomScrollbar.min3781.css]
[themexriver.com/wp/gxbar/wp-content/themes/gxber/assets/css/magnific-popup3781.css]
[themexriver.com/wp/gxbar/wp-content/themes/gxber/assets/css/odometer-theme-default3781.css]
[themexriver.com/wp/gxbar/wp-content/themes/gxber/assets/css/owl3781.css]
[themexriver.com/wp/gxbar/wp-content/themes/gxber/assets/css/preloader3781.css]
[themexriver.com/wp/gxbar/wp-content/themes/gxber/assets/css/style3781.css]
[themexriver.com/wp/gxbar/wp-content/themes/gxber/assets/css/responsive3781.css]
[themexriver.com/wp/gxbar/wp-content/themes/gxber/style3781.css]
[themexriver.com/wp/gxbar/wp-content/plugins/gxber-addon/assets/flaticon/flaticon41fe.css]
[themexriver.com/wp/gxbar/wp-includes/css/dashicons.min3781.css]
[themexriver.com/wp/gxbar/wp-content/plugins/elementor/assets/lib/eicons/css/elementor-icons.minfc13.css]
[themexriver.com/wp/gxbar/wp-content/plugins/elementor/assets/css/frontend-lite.mina44d.css]
[themexriver.com/wp/gxbar/wp-content/plugins/elementor/assets/lib/swiper/css/swiper.min48f5.css]
[themexriver.com/wp/gxbar/wp-content/uploads/elementor/css/post-558c7.css]
[themexriver.com/wp/gxbar/wp-content/plugins/elementor/assets/lib/font-awesome/css/all.mina44d.css]
[themexriver.com/wp/gxbar/wp-content/plugins/elementor/assets/lib/font-awesome/css/v4-shims.mina44d.css]
[themexriver.com/wp/gxbar/wp-content/uploads/elementor/css/global58c7.css]
[themexriver.com/wp/gxbar/wp-content/uploads/elementor/css/post-2041d.css]
[themexriver.com/wp/gxbar/wp-includes/js/jquery/jquery.min5aed.js]
[themexriver.com/wp/gxbar/wp-includes/js/jquery/jquery-migrate.min6b00.js]
[themexriver.com/wp/gxbar/wp-includes/js/imagesloaded.mineda1.js]
[themexriver.com/wp/gxbar/wp-includes/js/masonry.min3a05.js]
[themexriver.com/wp/gxbar/wp-content/themes/gxber/assets/js/bootstrap.min3781.js]
[themexriver.com/wp/gxbar/wp-content/plugins/elementor/assets/lib/font-awesome/js/v4-shims.mina44d.js]
[themexriver.com/wp/gxbar/wp-content/uploads/2023/04/logo.png]
[themexriver.com/wp/gxbar/wp-content/uploads/2023/04/logo-small.png]
[themexriver.com/wp/gxbar/wp-content/uploads/2023/04/mobile-logo.png]
[themexriver.com/wp/gxbar/wp-content/uploads/2022/10/pattern-1.png]
[themexriver.com/wp/gxbar/wp-content/uploads/2022/10/1.png]
[themexriver.com/wp/gxbar/wp-content/uploads/2022/10/image-1.png]
[themexriver.com/wp/gxbar/wp-content/uploads/2022/10/5-2.png]
[themexriver.com/wp/gxbar/wp-content/uploads/2022/10/3-2.png]
[themexriver.com/wp/gxbar/wp-content/uploads/2022/10/1-3.png]
[themexriver.com/wp/gxbar/wp-content/uploads/2022/10/4-2.png]
[themexriver.com/wp/gxbar/wp-content/uploads/2022/10/1-2.png]
[themexriver.com/wp/gxbar/wp-content/uploads/2022/10/2-1.png]
[themexriver.com/wp/gxbar/wp-content/uploads/2022/10/bulb.png]
[themexriver.com/wp/gxbar/wp-content/uploads/2022/10/smartphone.png]
[themexriver.com/wp/gxbar/wp-content/uploads/2022/10/bulb-1.png]
[themexriver.com/wp/gxbar/wp-content/uploads/2022/10/4-1.png]
[themexriver.com/wp/gxbar/wp-content/uploads/2022/10/3-1.png]
[themexriver.com/wp/gxbar/wp-content/uploads/2022/10/1.jpg]
[themexriver.com/wp/gxbar/wp-content/uploads/2022/10/arrow.png]
[themexriver.com/wp/gxbar/wp-content/uploads/2022/10/2-1.jpg]
[themexriver.com/wp/gxbar/wp-content/uploads/2022/10/3-1.jpg]
[themexriver.com/wp/gxbar/wp-content/uploads/2022/10/bulb-2.png]
[themexriver.com/wp/gxbar/wp-content/uploads/2022/10/graph.png]
[themexriver.com/wp/gxbar/wp-content/uploads/2022/10/result.png]
[themexriver.com/wp/gxbar/wp-content/uploads/2022/10/5-1.png]
[themexriver.com/wp/gxbar/wp-content/uploads/2022/10/team-1.jpg]
[themexriver.com/wp/gxbar/wp-content/uploads/2022/10/team-2.jpg]
[themexriver.com/wp/gxbar/wp-content/uploads/2022/10/team-3.jpg]
[themexriver.com/wp/gxbar/wp-content/uploads/2022/10/team-4.jpg]
[themexriver.com/wp/gxbar/wp-content/uploads/2022/10/team-5.jpg]
[themexriver.com/wp/gxbar/wp-content/uploads/2022/10/team-6.jpg]
[themexriver.com/wp/gxbar/wp-content/uploads/2022/10/digital.png]
[themexriver.com/wp/gxbar/wp-content/uploads/2022/10/6-1.png]
[themexriver.com/wp/gxbar/wp-content/uploads/2022/10/testimonial.png]
[themexriver.com/wp/gxbar/wp-content/uploads/2022/10/7-1.png]
[themexriver.com/wp/gxbar/wp-content/uploads/2022/10/8-1.png]
[themexriver.com/wp/gxbar/wp-content/uploads/2022/10/logo.png]
[themexriver.com/wp/gxbar/wp-content/uploads/elementor/css/post-2291041d.css]
[themexriver.com/wp/gxbar/wp-content/uploads/elementor/css/post-2214ba86.css]
[themexriver.com/wp/gxbar/wp-content/plugins/revslider/public/assets/css/rs6097f.css]
[themexriver.com/wp/gxbar/wp-content/plugins/contact-form-7/includes/swv/js/indexcfaa.js]
[themexriver.com/wp/gxbar/wp-content/plugins/contact-form-7/includes/js/indexcfaa.js]
[themexriver.com/wp/gxbar/wp-content/plugins/revslider/public/assets/js/rbtools.min097f.js]
[themexriver.com/wp/gxbar/wp-content/plugins/revslider/public/assets/js/rs6.min097f.js]
[themexriver.com/wp/gxbar/wp-content/themes/gxber/assets/js/appear5152.js]
[themexriver.com/wp/gxbar/wp-content/themes/gxber/assets/js/isotope5152.js]
[themexriver.com/wp/gxbar/wp-content/themes/gxber/assets/js/jquery.countdown5152.js]
[themexriver.com/wp/gxbar/wp-content/themes/gxber/assets/js/jquery.easing.min5152.js]
[themexriver.com/wp/gxbar/wp-content/themes/gxber/assets/js/parallax-scroll5152.js]
[themexriver.com/wp/gxbar/wp-content/themes/gxber/assets/js/jquery.marquee.min5152.js]
[themexriver.com/wp/gxbar/wp-content/themes/gxber/assets/js/jquery.mCustomScrollbar.concat.min5152.js]
[themexriver.com/wp/gxbar/wp-content/themes/gxber/assets/js/jquery.paroller.min5152.js]
[themexriver.com/wp/gxbar/wp-content/themes/gxber/assets/js/knob5152.js]
[themexriver.com/wp/gxbar/wp-content/themes/gxber/assets/js/magnific-popup.min5152.js]
[themexriver.com/wp/gxbar/wp-content/themes/gxber/assets/js/mixitup5152.js]
[themexriver.com/wp/gxbar/wp-content/themes/gxber/assets/js/mousewheel.min5152.js]
[themexriver.com/wp/gxbar/wp-content/themes/gxber/assets/js/nav-tool5152.js]
[themexriver.com/wp/gxbar/wp-content/themes/gxber/assets/js/odometer5152.js]
[themexriver.com/wp/gxbar/wp-content/themes/gxber/assets/js/owl5152.js]
[themexriver.com/wp/gxbar/wp-content/themes/gxber/assets/js/parallax.min5152.js]
[themexriver.com/wp/gxbar/wp-content/themes/gxber/assets/js/popper.min5152.js]
[themexriver.com/wp/gxbar/wp-content/themes/gxber/assets/js/respond5152.js]
[themexriver.com/wp/gxbar/wp-content/themes/gxber/assets/js/tilt.jquery.min5152.js]
[themexriver.com/wp/gxbar/wp-content/themes/gxber/assets/js/validate5152.js]
[themexriver.com/wp/gxbar/wp-content/themes/gxber/assets/js/wow5152.js]
[themexriver.com/wp/gxbar/wp-content/themes/gxber/assets/js/bxslider5152.js]
[themexriver.com/wp/gxbar/wp-content/themes/gxber/assets/js/script5152.js]
[themexriver.com/wp/gxbar/wp-content/plugins/elementor/assets/js/webpack.runtime.mina44d.js]
[themexriver.com/wp/gxbar/wp-content/plugins/elementor/assets/js/frontend-modules.mina44d.js]
[themexriver.com/wp/gxbar/wp-content/plugins/elementor/assets/lib/waypoints/waypoints.min05da.js]
[themexriver.com/wp/gxbar/wp-includes/js/jquery/ui/core.min3f14.js]
[themexriver.com/wp/gxbar/home-1/index.html]
[themexriver.com/wp/gxbar/wp-includes/css/dist/block-library/style.min3781.css]
[themexriver.com/wp/gxbar/wp-includes/css/classic-themes.min3781.css]
[themexriver.com/wp/gxbar/wp-content/plugins/contact-form-7/includes/css/stylescfaa.css]
[themexriver.com/wp/gxbar/wp-content/themes/gxber/assets/css/animate3781.css]
[themexriver.com/wp/gxbar/wp-content/themes/gxber/assets/css/bootstrap3781.css]
[themexriver.com/wp/gxbar/wp-content/themes/gxber/assets/css/custom-animate3781.css]
[themexriver.com/wp/gxbar/wp-content/plugins/elementor/assets/lib/font-awesome/css/font-awesome.min1849.css]
[themexriver.com/wp/gxbar/wp-content/themes/gxber/assets/css/footer3781.css]
[themexriver.com/wp/gxbar/wp-content/themes/gxber/assets/css/global3781.css]
[themexriver.com/wp/gxbar/wp-content/plugins/elementor/assets/js/frontend.mina44d.js]
[themexriver.com/wp/gxbar/wp-content/themes/gxber/assets/images/waves-shape.png]
[themexriver.com/wp/gxbar/wp-content/themes/gxber/assets/css/header3781.css]
[themexriver.com/wp/gxbar/wp-content/themes/gxber/assets/css/hover3781.css]
[themexriver.com/wp/gxbar/wp-content/themes/gxber/assets/css/mCSB_buttons.png]
[themexriver.com/wp/gxbar/wp-content/themes/gxber/assets/css/jquery.mCustomScrollbar.min3781.css]
[themexriver.com/wp/gxbar/wp-content/themes/gxber/assets/css/magnific-popup3781.css]
[themexriver.com/wp/gxbar/wp-content/themes/gxber/assets/css/odometer-theme-default3781.css]
[themexriver.com/wp/gxbar/wp-content/themes/gxber/assets/css/owl.video.play.png]
[themexriver.com/wp/gxbar/wp-content/themes/gxber/assets/css/owl3781.css]
[themexriver.com/wp/gxbar/wp-content/themes/gxber/assets/css/preloader3781.css]
[themexriver.com/wp/gxbar/wp-content/themes/gxber/assets/images/right-arrows.png]
[themexriver.com/wp/gxbar/wp-content/themes/gxber/assets/images/star.png]
[themexriver.com/wp/gxbar/wp-content/themes/gxber/assets/images/drag.png]
[themexriver.com/wp/gxbar/wp-content/themes/gxber/assets/images/icons/icon-3.png]
[themexriver.com/wp/gxbar/wp-content/themes/gxber/assets/images/icons/icon-4.png]
[themexriver.com/wp/gxbar/wp-content/themes/gxber/assets/images/icons/separator.png]
[themexriver.com/wp/gxbar/wp-content/themes/gxber/assets/images/arrow-right.png]
[themexriver.com/wp/gxbar/wp-content/themes/gxber/assets/images/arrow-right-1.png]
[themexriver.com/wp/gxbar/wp-content/themes/gxber/assets/images/background/price-pattern.png]
[themexriver.com/wp/gxbar/wp-content/themes/gxber/assets/images/logo-icon.png]
[themexriver.com/wp/gxbar/wp-content/themes/gxber/assets/images/icons/vector-layer.png]
[themexriver.com/wp/gxbar/wp-content/themes/gxber/assets/images/icons/logo-icon.png]
[themexriver.com/wp/gxbar/wp-content/themes/gxber/assets/css/style3781.css]
[themexriver.com/wp/gxbar/wp-content/themes/gxber/assets/css/responsive3781.css]
[themexriver.com/wp/gxbar/wp-content/themes/gxber/style3781.css]
[themexriver.com/wp/gxbar/wp-content/plugins/gxber-addon/assets/flaticon/fonts/flaticon.eot]
[themexriver.com/wp/gxbar/wp-content/plugins/gxber-addon/assets/flaticon/fonts/flaticond41d.eot]
[themexriver.com/wp/gxbar/wp-content/plugins/gxber-addon/assets/flaticon/fonts/flaticon.woff]
[themexriver.com/wp/gxbar/wp-content/plugins/gxber-addon/assets/flaticon/fonts/flaticon.ttf]
[themexriver.com/wp/gxbar/wp-content/plugins/gxber-addon/assets/flaticon/flaticon41fe.css]
[themexriver.com/wp/gxbar/wp-includes/css/dashicons.min3781.css]
[themexriver.com/wp/gxbar/wp-content/themes/gxber/assets/css/inline-style27ba.css]
[themexriver.com/wp/gxbar/wp-content/plugins/elementor/assets/lib/eicons/css/elementor-icons.minfc13.css]
[themexriver.com/wp/gxbar/wp-content/plugins/elementor/assets/css/frontend-lite.mina44d.css]
[themexriver.com/wp/gxbar/wp-content/plugins/elementor/assets/lib/swiper/css/swiper.min48f5.css]
[themexriver.com/wp/gxbar/wp-content/uploads/elementor/css/post-558c7.css]
[themexriver.com/wp/gxbar/wp-content/plugins/elementor/assets/lib/font-awesome/css/all.mina44d.css]
[themexriver.com/wp/gxbar/wp-content/plugins/elementor/assets/lib/font-awesome/css/v4-shims.mina44d.css]
[themexriver.com/wp/gxbar/wp-content/uploads/elementor/css/global58c7.css]
[themexriver.com/wp/gxbar/wp-content/uploads/elementor/css/post-2041d.css]
[themexriver.com/wp/gxbar/wp-content/uploads/elementor/css/post-2291041d.css]
[themexriver.com/wp/gxbar/wp-content/uploads/elementor/css/post-2214ba86.css]
[themexriver.com/wp/gxbar/wp-content/plugins/gxber-addon/assets/flaticon/fonts/flaticon.svg]
[themexriver.com/wp/gxbar/wp-content/plugins/revslider/public/assets/assets/gridtile.png]
[themexriver.com/wp/gxbar/wp-content/plugins/revslider/public/assets/assets/gridtile_white.png]
[themexriver.com/wp/gxbar/wp-content/plugins/revslider/public/assets/assets/gridtile_3x3.png]
[themexriver.com/wp/gxbar/wp-content/plugins/revslider/public/assets/assets/gridtile_3x3_white.png]
[themexriver.com/wp/gxbar/wp-content/plugins/revslider/public/assets/assets/coloredbg.png]
[themexriver.com/wp/gxbar/wp-content/plugins/revslider/public/assets/assets/loader.gif]
[themexriver.com/wp/gxbar/wp-content/plugins/revslider/public/assets/css/rs6097f.css]
[themexriver.com/wp/gxbar/wp-content/plugins/gxber-addon/assets/js/quarter-addon3781.js]
[themexriver.com/wp/gxbar/wp-content/themes/gxber/assets/css/mCSB_buttons.html]
[themexriver.com/wp/gxbar/wp-content/themes/gxber/assets/css/owl.video.play.html]
[themexriver.com/wp/gxbar/wp-content/themes/gxber/assets/images/icons/icon-3.html]
[themexriver.com/wp/gxbar/wp-content/themes/gxber/assets/images/icons/icon-4.html]
[themexriver.com/wp/gxbar/wp-content/themes/gxber/assets/images/icons/separator.html]
[themexriver.com/wp/gxbar/wp-content/themes/gxber/assets/images/background/price-pattern.html]
[themexriver.com/wp/gxbar/wp-content/plugins/gxber-addon/assets/flaticon/fonts/flaticon.svg]
[themexriver.com/wp/gxbar/wp-content/plugins/revslider/public/assets/css/openhand.html]
[themexriver.com/wp/gxbar/wp-content/plugins/revslider/public/assets/css/closedhand.html]
